=== run started_at=2026-09-18T16:00:01 ===
$ C:\Users\User\AppData\Local\Programs\Python\Python313\python.exe -m lat5.cli collect --db C:\trading_system\LAT_5.0\data\lat5_market.db --watchlist C:\trading_system\LAT_5.0\LAT_SIMPLE_v1.0_Watchlist.md --env C:\trading_system\LAT_5.0\.env --token-cache C:\trading_system\LAT_5.0\data\kiwoom_token_cache.json --base-date 20260918
{"status": "COMPLETE", "run_id": 41, "symbols": 154, "success_symbols": 154, "api_errors": 0}
$ C:\Users\User\AppData\Local\Programs\Python\Python313\python.exe -m lat5.cli data-health --db C:\trading_system\LAT_5.0\data\lat5_market.db --watchlist C:\trading_system\LAT_5.0\LAT_SIMPLE_v1.0_Watchlist.md --output-dir C:\trading_system\LAT_5.0
{"status": "PASS", "json": "C:\\trading_system\\LAT_5.0\\artifacts\\data_health_latest.json", "report": "C:\\trading_system\\LAT_5.0\\reports\\data_health_latest.md"}
$ C:\Users\User\AppData\Local\Programs\Python\Python313\python.exe C:\trading_system\LAT_5.0\scripts\filter_monthly10_weekly5.py --db C:\trading_system\LAT_5.0\data\lat5_market.db --watchlist C:\trading_system\LAT_5.0\LAT_SIMPLE_v1.0_Watchlist.md --as-of 2026-09-18
output=C:\trading_system\LAT_5.0\reports\monthly_weekly_filter\2026-09-18.md
as_of=2026-09-18 universe=154 matches=17
000990	DB하이텍
240810	원익IPS
084370	유진테크
000150	두산
316140	우리금융지주
267270	HD현대건설기계
006260	LS
119850	지엔씨에너지
052690	한전기술
047040	대우건설
000720	현대건설
044490	태웅
327260	RF머트리얼즈
043260	성호전자
138080	오이솔루션
413630	씨피시스템
067310	하나마이크론
$ C:\Users\User\AppData\Local\Programs\Python\Python313\python.exe C:\trading_system\LAT_5.0\scripts\scan_trendline_rank.py --db C:\trading_system\LAT_5.0\data\lat5_market.db --watchlist C:\trading_system\LAT_5.0\LAT_SIMPLE_v1.0_Watchlist.md --as-of 2026-09-18
output=C:\trading_system\LAT_5.0\reports\trendline_rank\2026-09-18.md
signals=0 selected=0
$ C:\Users\User\AppData\Local\Programs\Python\Python313\python.exe -m lat5.cli backtest --source-db C:\trading_system\LAT_5.0\data\lat5_market.db --watchlist C:\trading_system\LAT_5.0\LAT_SIMPLE_v1.0_Watchlist.md --output-dir C:\trading_system\LAT_5.0\artifacts\latest_scoring --strategy hourly-pullback-reversal --location-filter --start 2026-07-20 --end 2026-09-18 --overwrite
{"summary": {"trades": 0, "win_rate": 0.0, "profit_factor": 0.0, "expectancy": 0.0, "net_pnl": 0.0, "return_pct": 0.0, "max_drawdown": 0.0}, "output_dir": "C:\\trading_system\\LAT_5.0\\artifacts\\latest_scoring"}
$ C:\Users\User\AppData\Local\Programs\Python\Python313\python.exe C:\trading_system\LAT_5.0\scripts\relative_strength_scan.py --db C:\trading_system\LAT_5.0\data\lat5_market.db --watchlist C:\trading_system\LAT_5.0\LAT_SIMPLE_v1.0_Watchlist.md --as-of 2026-09-18
output=reports\relative_strength\2026-09-18.md
$ C:\Users\User\AppData\Local\Programs\Python\Python313\python.exe C:\trading_system\LAT_5.0\scripts\build_dashboard.py
C:\trading_system\LAT_5.0\dashboard\index.html
=== run result=COMPLETE ===
